{"result": "NONPASS", "evidence": "/home/mothx/.cache/tmp/native-provider-probe-1790314416245781447", "error": "timed out"}
Traceback (most recent call last):
  File "/home/mothx/.cache/tmp/native-provider-probe-verified-admission.py", line 67, in <module>
    wait('return document.querySelector(".provider-qualification").textContent.includes("Evidence recorded")');shot('completed.png')
                                                                                                               ~~~~^^^^^^^^^^^^^^^^^
  File "/home/mothx/.cache/tmp/native-provider-probe-verified-admission.py", line 24, in shot
    def shot(name):(folder/name).write_bytes(base64.b64decode(request('GET',f'/session/{session}/screenshot')))
                                                              ~~~~~~~^^^^^^^^^^^^^^^^^^^^^^^^^^^^^^^^^^^^^^^^
  File "/home/mothx/.cache/tmp/native-provider-probe-verified-admission.py", line 15, in request
    with urllib.request.urlopen(req,timeout=30) as r:return json.load(r)['value']
         ~~~~~~~~~~~~~~~~~~~~~~^^^^^^^^^^^^^^^^
  File "/usr/lib/python3.14/urllib/request.py", line 187, in urlopen
    return opener.open(url, data, timeout)
           ~~~~~~~~~~~^^^^^^^^^^^^^^^^^^^^
  File "/usr/lib/python3.14/urllib/request.py", line 487, in open
    response = self._open(req, data)
  File "/usr/lib/python3.14/urllib/request.py", line 504, in _open
    result = self._call_chain(self.handle_open, protocol, protocol +
                              '_open', req)
  File "/usr/lib/python3.14/urllib/request.py", line 464, in _call_chain
    result = func(*args)
  File "/usr/lib/python3.14/urllib/request.py", line 1349, in http_open
    return self.do_open(http.client.HTTPConnection, req)
           ~~~~~~~~~~~~^^^^^^^^^^^^^^^^^^^^^^^^^^^^^^^^^
  File "/usr/lib/python3.14/urllib/request.py", line 1324, in do_open
    r = h.getresponse()
  File "/usr/lib/python3.14/http/client.py", line 1478, in getresponse
    response.begin()
    ~~~~~~~~~~~~~~^^
  File "/usr/lib/python3.14/http/client.py", line 343, in begin
    version, status, reason = self._read_status()
                              ~~~~~~~~~~~~~~~~~^^
  File "/usr/lib/python3.14/http/client.py", line 304, in _read_status
    line = str(self.fp.readline(_MAXLINE + 1), "iso-8859-1")
               ~~~~~~~~~~~~~~~~^^^^^^^^^^^^^^
  File "/usr/lib/python3.14/socket.py", line 729, in readinto
    return self._sock.recv_into(b)
           ~~~~~~~~~~~~~~~~~~~~^^^
TimeoutError: timed out
